bun test v1.2.22 (6bafe260)
bun : 
At line:1 char:1
+ bun test tests/unit
/services/candidate-s
earch.test.ts > 
test_output.t ...
+ ~~~~~~~~~~~~~~~~~~~
~~~~~~~~~~~~~~~~~~~~~
~~~~~~~~~~~~~~~~~~~~~
~~~~~~~~
    + CategoryInfo   
           : NotSpe  
  cified: (:String   
 ) [], RemoteExce    
ption
    + FullyQualified 
   ErrorId : Native  
  CommandError
 
tests\unit\services\c
andidate-search.test.
ts:

# Unhandled error 
between tests
---------------------
----------
 5 | import { 
AppError, 
ValidationError } 
from 
"@/utils/errors";
 6 | 
 7 | // Mock 
dependencies
 8 | vi.mock("@/repos
itories/user.reposito
ry", () => {
 9 |   const 
UserRepository = 
vi.fn();
10 |   UserRepository
.prototype.searchCand
idates = vi.fn();
                     
 ^
TypeError: undefined 
is not an object 
(evaluating 'UserRepo
sitory.prototype.sear
chCandidates = 
vi.fn()')
      at <anonymous> 
(C:\Users\olabs\Docum
ents\techTeam\JobPost
ings\backend\tests\un
it\services\candidate
-search.test.ts:10:18
)
      at C:\Users\ola
bs\Documents\techTeam
\JobPostings\backend\
tests\unit\services\c
andidate-search.test.
ts:8:4
      at loadAndEvalu
ateModule (2:1)
---------------------
----------


 0 pass
 1 fail
 1 error
Ran 1 test across 1 
file. [1153.00ms]
