bun test v1.2.22 (6bafe260)
bun : 
At line:1 char:1
+ bun test tests/unit/servic
es/job.service.sort.test.ts 
> test-output.t ...
+ ~~~~~~~~~~~~~~~~~~~~~~~~~~
~~~~~~~~~~~~~~~~~~~~~~~~~~~~
~~~~~~~~~~~~~~~
    + CategoryInfo          
    : NotSpecified: (:Stri  
  ng) [], RemoteException
    + FullyQualifiedErrorId 
    : NativeCommandError
 
tests\unit\services\job.serv
ice.sort.test.ts:

# Unhandled error between 
tests
----------------------------
---
3 | import { 
TypesenseService } from "@/i
nfrastructure/typesense.serv
ice/typesense.service";
4 | import type { 
SearchResponse } from "types
ense/lib/Typesense/Documents
";
5 | import type { 
JobDocumentType } from "@/va
lidations/base.validation";
6 | 
7 | // Mock dependencies
8 | vi.mock("@/infrastructur
e/typesense.service/typesens
e.service");
       ^
TypeError: mock(module, fn) 
requires a function
      at C:\Users\olabs\Docu
ments\techTeam\JobPostings\b
ackend\tests\unit\services\j
ob.service.sort.test.ts:8:4
      at 
loadAndEvaluateModule (2:1)
----------------------------
---


 0 pass
 1 fail
 1 error
Ran 1 test across 1 file. 
[795.00ms]
